loaded graph people
path from Xinyi-Xu to Haoming-Liu:
Xinyi-Xu to Haoming-Liu via CSE331
path from Haoming-Liu to Chenfan-Sun:
Haoming-Liu to Yingkai-Wang via CSE331
Yingkai-Wang to Chenfan-Sun via CSE390
path from Youying-Lin to Chenfan-Sun:
Youying-Lin to Yingkai-Wang via CSE331
Yingkai-Wang to Chenfan-Sun via CSE390
path from Haoming-Liu to Haoming-Liu:
unknown character Shuo-Yin
unknown character Ziqiu-Zhang